# Language Mapping File

# Structure:
# <LanguageKey>	<SectionName>	<LanguageID>	<LanguageName>
# above fields are separated by tabs

# <LanguageKey> is the language unique code (example: xx in psi_xx.qm)
# There might be multiple translation files matching the format app_xx.extension

# <SectionName> is the name of the section used internally by NSIS
# (usually in the format LangXX, where XX is the language code)

# <LanguageID> is the NSIS language ID - can be empty
# http://nsis.svn.sourceforge.net/viewvc/nsis/NSIS/trunk/Contrib/MakeLangId/MakeLangId.cpp?view=markup

# <LanguageName> is the name of the language, used in the installer for the
# list of languages

be	LangBE	LANG_BELARUSIAN	Belarusian
bg	LangBG	LANG_BULGARIAN	Bulgarian
ca	LangCA	LANG_CATALAN	Catalan
cs	LangCS	LANG_CZECH	Czech
de	LangDE	LANG_GERMAN	German
en	LangEN	LANG_ENGLISH	English
eo	LangEO		Esperanto
es	LangES	LANG_SPANISH	Spanish
et	LangET	LANG_ESTONIAN	Estonian
fa	LangFA	LANG_FARSI	Persian
fi	LangFI	LANG_FINNISH	Finnish
fr	LangFR	LANG_FRENCH	French
he	LangHE	LANG_HEBREW	Hebrew
hu	LangHU	LANG_HUNGARIAN	Hungarian
it	LangIT	LANG_ITALIAN	Italian
ja	LangJA	LANG_JAPANESE	Japanese
kk	LangKK	LANG_KAZAK	Kazakh
mk	LangMK	LANG_MACEDONIAN	Macedonian
nl	LangNL	LANG_DUTCH	Dutch
pl	LangPL	LANG_POLISH	Polish
pt	LangPT	LANG_PORTUGUESE	Portuguese
pt_BR	LangPTBR	LANG_PORTUGUESEBR	Portuguese (BR)
ru	LangRU	LANG_RUSSIAN	Russian
sk	LangSK	LANG_SLOVAK	Slovak
sl	LangSL	LANG_SLOVENIAN	Slovenian
sr@latin	LangSRLat	LANG_SERBIANLATIN	Serbian (Latin)
sv	LangSV	LANG_SWEDISH	Swedish
sw	LangSW	LANG_SWAHILI	Swahili
uk	LangUK	LANG_UKRAINIAN	Ukrainian
ur_PK	LangURPK	LANG_URDU	Urdu
vi	LangVI	LANG_VIETNAMESE	Vietnamese
zh_CN	LangZH	LANG_SIMPCHINESE	Chinese (Simplified)
zh_TW	LangZHTW	LANG_TRADCHINESE	Chinese (Traditional)
