# Language Mapping File

# Structure:
# <LanguageKey>	<SectionName>	<LanguageID>	<LanguageName>
# above fields are separated by tabs

# <LanguageKey> is the language unique code (example: xx in psi_xx.qm)
# There might be multiple translation files matching the format app_xx.extension

# <SectionName> is the name of the section used internally by NSIS
# (usually in the format LangXX, where XX is the language code)

# <LanguageID> is the NSIS language ID - can be empty
# http://nsis.svn.sourceforge.net/viewvc/nsis/NSIS/trunk/Contrib/MakeLangId/MakeLangId.cpp?view=markup

# <LanguageName> is the name of the language, used in the installer for the
# list of languages

bg	LangBG	LANG_BULGARIAN	Bulgarian
ca	LangCA	LANG_CATALAN	Catalan
cs	LangCS	LANG_CZECH	Czech
nl	LangNL	LANG_DUTCH	Dutch
et	LangET	LANG_ESTONIAN	Estonian
eo	LangEO		Esperanto
fr	LangFR	LANG_FRENCH	French
de	LangDE	LANG_GERMAN	German
el	LangEL	LANG_GREEK	Greek
hu	LangHU	LANG_HUNGARIAN	Hungarian
mk	LangMK	LANG_MACEDONIAN	Macedonian
pl	LangPL	LANG_POLISH	Polish
pt	LangPT	LANG_PORTUGUESE	Portuguese
pt_BR	LangPTBR	LANG_PORTUGUESEBR	Portuguese (BR)
zh	LangZH	LANG_SIMPCHINESE	Simplified Chinese
es	LangES	LANG_SPANISH	Spanish
ru	LangRU	LANG_RUSSIAN	Russian
sr@Latn	LangSRLat	LANG_SERBIANLATIN	Serbian (Latin)
sk	LangSK	LANG_SLOVAK	Slovak
sl	LangSL	LANG_SLOVENIAN	Slovenian
vi	LangVI		Vietnamese

